页面引用本地资源 35 个，逐个检查…

  200       3677  image/jpeg                assets/img/brand-logo.jpg
  200       2007  text/css                  assets/css/base.css
  200       2264  text/css                  assets/css/layout.css
  200       3172  text/css                  assets/css/components.css
  200       1642  text/css                  assets/css/sections.css
  200     156581  image/jpeg                assets/img/route1-klook-ticket.jpg
  200     251660  image/jpeg                assets/img/route3-01-c1-exit-sign.jpg
  200      77831  image/jpeg                assets/img/route3-02-follow-signs.jpg
  200     171744  image/jpeg                assets/img/route3-03-citybus-15.jpg
  200     155566  image/jpeg                assets/img/route3-04-bus-front.jpg
  200     292529  image/jpeg                assets/img/route3-05-short-corridor.jpg
  200   15204695  video/mp4                 assets/video/route-to-peak-observatory.mp4
  200      73533  image/jpeg                assets/img/route3-06-telescope.jpg
  200     270961  image/jpeg                assets/img/route3-07-arrived.jpg
  200     245653  image/jpeg                assets/img/route4-01-minibus-49m.jpg
  200     274108  image/jpeg                assets/img/route4-02-braemar-hill-garden.jpg
  200     288270  image/jpeg                assets/img/route4-03-security-room.jpg
  200     267640  image/jpeg                assets/img/route4-04-green-fence.jpg
  200      75015  image/jpeg                assets/img/route4-05-green-gate.jpg
  200      64627  image/jpeg                assets/img/route4-06-push-door.jpg
  200      66341  image/jpeg                assets/img/route4-07-enter.jpg
  200      33799  image/jpeg                assets/img/route4-08-stairs-up.jpg
  200      49492  image/jpeg                assets/img/route4-09-path-fork.jpg
  200     268435  image/jpeg                assets/img/route4-10-fork-up-1.jpg
  200     275610  image/jpeg                assets/img/route4-11-fork-up-2.jpg
  200     264352  image/jpeg                assets/img/route4-12-pavilion.jpg
  200     255939  image/jpeg                assets/img/route4-13-dirt-path.jpg
  200     256624  image/jpeg                assets/img/route4-14-keep-right-1.jpg
  200     277349  image/jpeg                assets/img/route4-15-keep-right-2.jpg
  200     287403  image/jpeg                assets/img/route4-16-signboard.jpg
  200      57332  image/jpeg                assets/img/route4-17-viewpoint.jpg
  200       5673  image/jpeg                assets/img/pay-wechat-ridecode.jpg
  200       1616  application/javascript    assets/js/toc.js
  200       1236  application/javascript    assets/js/lightbox.js
  200        892  application/javascript    assets/js/checklist.js

结果：35/35 正常

页面内容抽查：
  ✓ 太平山步骤（城巴 15 路）
  ✓ 宝马山步骤（金督馳馬徑）
  ✓ 支付方式（微信乘车码）
  ✓ 八达通章节
  ✓ 检查清单
  ✓ 出品方署名
  ✓ 路线一购票链接
